// Jest Snapshot v1, https://goo.gl/fbAQLP

exports[`Header snapshot 1`] = `
.emotion-32 {
  display: -webkit-box;
  display: -webkit-flex;
  display: -ms-flexbox;
  display: flex;
  -webkit-flex-direction: row;
  -ms-flex-direction: row;
  flex-direction: row;
  -webkit-align-items: center;
  -webkit-box-align: center;
  -ms-flex-align: center;
  align-items: center;
  border-top: 5px solid #83d0f2;
}

.emotion-0 {
  display: block;
  height: 48px;
  width: 219px;
  overflow: hidden;
}

.emotion-1 {
  -webkit-box-flex: 0;
  -webkit-flex-grow: 0;
  -ms-flex-positive: 0;
  flex-grow: 0;
  -webkit-flex-shrink: 0;
  -ms-flex-negative: 0;
  flex-shrink: 0;
  -webkit-flex-basis: 4px;
  -ms-flex-preferred-size: 4px;
  flex-basis: 4px;
}

.emotion-7 {
  position: relative;
  pointer-events: auto;
}

.emotion-5 {
  font-size: 18px;
  font-weight: bold;
  padding: 5px 10px;
  border: none;
}

.emotion-5:hover {
  background-color: #eee;
}

.emotion-3 {
  font-size: 12px;
  padding-left: 2px;
}

.emotion-21 {
  -webkit-flex: 1 1 0px;
  -ms-flex: 1 1 0px;
  flex: 1 1 0px;
}

.emotion-25 {
  display: -webkit-box;
  display: -webkit-flex;
  display: -ms-flexbox;
  display: flex;
  -webkit-flex-direction: row;
  -ms-flex-direction: row;
  flex-direction: row;
  -webkit-align-items: center;
  -webkit-box-align: center;
  -ms-flex-align: center;
  align-items: center;
  border-bottom: solid black 1px;
  max-width: 350px;
  min-width: 120px;
  -webkit-flex: 2 1 120px;
  -ms-flex: 2 1 120px;
  flex: 2 1 120px;
}

.emotion-23 {
  vertical-align: -2px;
  -webkit-flex: 0 0 20px;
  -ms-flex: 0 0 20px;
  flex: 0 0 20px;
}

.emotion-24 {
  border-width: 0 !important;
  font-size: 18px;
  font-weight: bold !important;
  padding-bottom: 0 !important;
  -webkit-flex: 0 1 300px;
  -ms-flex: 0 1 300px;
  flex: 0 1 300px;
}

.emotion-26 {
  -webkit-box-flex: 0;
  -webkit-flex-grow: 0;
  -ms-flex-positive: 0;
  flex-grow: 0;
  -webkit-flex-shrink: 0;
  -ms-flex-negative: 0;
  flex-shrink: 0;
  -webkit-flex-basis: 15px;
  -ms-flex-preferred-size: 15px;
  flex-basis: 15px;
}

.emotion-29 {
  font-size: 18px;
  font-weight: bold;
  color: black;
  -webkit-text-decoration: none;
  text-decoration: none;
}

.emotion-29:hover {
  -webkit-text-decoration: none;
  text-decoration: none;
}

.emotion-28 {
  vertical-align: -6px;
}

<div
  className="emotion-32 emotion-33"
>
  <a
    className="emotion-0"
    href="/en-US/"
  >
    <img
      alt="MDN Web Docs"
      src="/static/img/web-docs-sprite.svg"
    />
  </a>
  <div
    className="emotion-1 emotion-2"
    width={4}
  />
  <div
    className="emotion-7 emotion-8"
  >
    <button
      className="emotion-5 emotion-6"
      onClick={[Function]}
    >
      Technologies
      <span
        className="emotion-3 emotion-4"
      >
        ▼
      </span>
    </button>
  </div>
  <div
    className="emotion-7 emotion-8"
  >
    <button
      className="emotion-5 emotion-6"
      onClick={[Function]}
    >
      References & Guides
      <span
        className="emotion-3 emotion-4"
      >
        ▼
      </span>
    </button>
  </div>
  <div
    className="emotion-7 emotion-8"
  >
    <button
      className="emotion-5 emotion-6"
      onClick={[Function]}
    >
      Feedback
      <span
        className="emotion-3 emotion-4"
      >
        ▼
      </span>
    </button>
  </div>
  <div
    className="emotion-21 emotion-22"
  />
  <form
    action="/en-US/search"
    className="emotion-25"
    id="nav-main-search"
    method="get"
    role="search"
  >
    <svg
      aria-hidden="true"
      className="emotion-23"
      height="20"
      viewBox="0 0 26 28"
      width="20"
      xmlns="http://www.w3.org/2000/svg"
    >
      <path
        d="M18 13c0-3.859-3.141-7-7-7s-7 3.141-7 7 3.141 7 7 7 7-3.141 7-7zm8 13c0 1.094-.906 2-2 2a1.96 1.96 0 0 1-1.406-.594l-5.359-5.344a10.971 10.971 0 0 1-6.234 1.937c-6.078 0-11-4.922-11-11s4.922-11 11-11 11 4.922 11 11c0 2.219-.672 4.406-1.937 6.234l5.359 5.359c.359.359.578.875.578 1.406z"
      />
    </svg>
    <input
      className="emotion-24"
      id="main-q"
      name="q"
      placeholder="Search MDN"
      type="search"
    />
  </form>
  <div
    className="emotion-26 emotion-2"
    width={15}
  />
  <a
    className="emotion-29"
    data-service="GitHub"
    href="/users/github/login/?next=/"
    rel="nofollow"
  >
    Sign in
     
    <svg
      aria-label="GitHub"
      className="emotion-28"
      focusable="false"
      height="28"
      role="img"
      viewBox="0 0 24 28"
      width="24"
      xmlns="http://www.w3.org/2000/svg"
    >
      <title>
        Github
      </title>
      <path
        d="M12 2c6.625 0 12 5.375 12 12 0 5.297-3.437 9.797-8.203 11.391-.609.109-.828-.266-.828-.578 0-.391.016-1.687.016-3.297 0-1.125-.375-1.844-.812-2.219 2.672-.297 5.484-1.313 5.484-5.922 0-1.313-.469-2.375-1.234-3.219.125-.313.531-1.531-.125-3.187-1-.313-3.297 1.234-3.297 1.234a11.28 11.28 0 0 0-6 0S6.704 6.656 5.704 6.969c-.656 1.656-.25 2.875-.125 3.187-.766.844-1.234 1.906-1.234 3.219 0 4.594 2.797 5.625 5.469 5.922-.344.313-.656.844-.766 1.609-.688.313-2.438.844-3.484-1-.656-1.141-1.844-1.234-1.844-1.234-1.172-.016-.078.734-.078.734.781.359 1.328 1.75 1.328 1.75.703 2.141 4.047 1.422 4.047 1.422 0 1 .016 1.937.016 2.234 0 .313-.219.688-.828.578C3.439 23.796.002 19.296.002 13.999c0-6.625 5.375-12 12-12zM4.547 19.234c.031-.063-.016-.141-.109-.187-.094-.031-.172-.016-.203.031-.031.063.016.141.109.187.078.047.172.031.203-.031zm.484.532c.063-.047.047-.156-.031-.25-.078-.078-.187-.109-.25-.047-.063.047-.047.156.031.25.078.078.187.109.25.047zm.469.703c.078-.063.078-.187 0-.297-.063-.109-.187-.156-.266-.094-.078.047-.078.172 0 .281s.203.156.266.109zm.656.656c.063-.063.031-.203-.063-.297-.109-.109-.25-.125-.313-.047-.078.063-.047.203.063.297.109.109.25.125.313.047zm.891.391c.031-.094-.063-.203-.203-.25-.125-.031-.266.016-.297.109s.063.203.203.234c.125.047.266 0 .297-.094zm.984.078c0-.109-.125-.187-.266-.172-.141 0-.25.078-.25.172 0 .109.109.187.266.172.141 0 .25-.078.25-.172zm.906-.156c-.016-.094-.141-.156-.281-.141-.141.031-.234.125-.219.234.016.094.141.156.281.125s.234-.125.219-.219z"
      />
    </svg>
  </a>
  <div
    className="emotion-26 emotion-2"
    width={15}
  />
</div>
`;
