// Jest Snapshot v1, https://goo.gl/fbAQLP

exports[`Login snapshot 1`] = `
.emotion-1 {
  font-size: 18px;
  font-weight: bold;
  color: black;
  -webkit-text-decoration: none;
  text-decoration: none;
}

.emotion-1:hover {
  -webkit-text-decoration: none;
  text-decoration: none;
}

.emotion-0 {
  vertical-align: -6px;
}

<a
  className="emotion-1"
  data-service="GitHub"
  href="/users/github/login/?next=/"
  rel="nofollow"
>
  Sign in
   
  <svg mock
    className="emotion-0"
  />
</a>
`;
